{
    "Concatenate vcf": {
        "content": [
            [
                
            ],
            [
                [
                    {
                        "id": "1000GP",
                        "chr": "all"
                    },
                    "1000GP_all.vcf.gz",
                    "1000GP_all.vcf.gz.tbi"
                ]
            ],
            [
                "VcfFile [chromosomes=[chr21, chr22], sampleCount=3196, variantCount=1739, phased=true, phasedAutodetect=true]"
            ],
            [
                
            ]
        ],
        "meta": {
            "nf-test": "0.9.3",
            "nextflow": "25.10.3"
        },
        "timestamp": "2026-01-25T17:50:20.668009086"
    }
}