{
    "Impute with glimpse1 one vcf": {
        "content": [
            [
                "versions.yml:md5,8c79d92b93fe75a9094499ce5d5eaca2",
                "versions.yml:md5,bf4a479eb73467775a4afeebd25841aa",
                "versions.yml:md5,bf4a479eb73467775a4afeebd25841aa"
            ],
            [
                [
                    {
                        "id": "NA12878",
                        "panel_id": "1000GP",
                        "chr": "22",
                        "tools": "glimpse1"
                    },
                    "NA12878_22_ligate.vcf.gz",
                    "NA12878_22_ligate.vcf.gz.tbi"
                ]
            ],
            [
                "VcfFile [chromosomes=[chr22], sampleCount=1, variantCount=903, phased=false, phasedAutodetect=false]"
            ],
            [
                [
                    "NA12878"
                ]
            ],
            [
                {
                    "VCF_IMPUTE_GLIMPSE1:GLIMPSE_LIGATE": {
                        "glimpse": "1.1.1"
                    }
                },
                {
                    "VCF_IMPUTE_GLIMPSE1:GLIMPSE_PHASE": {
                        "glimpse": "1.1.1"
                    }
                },
                {
                    "VCF_IMPUTE_GLIMPSE1:GLIMPSE_PHASE": {
                        "glimpse": "1.1.1"
                    }
                }
            ]
        ],
        "meta": {
            "nf-test": "0.9.3",
            "nextflow": "25.10.3"
        },
        "timestamp": "2026-01-25T18:08:39.416805149"
    },
    "Impute with glimpse1 two vcf": {
        "content": [
            [
                "versions.yml:md5,8c79d92b93fe75a9094499ce5d5eaca2",
                "versions.yml:md5,8c79d92b93fe75a9094499ce5d5eaca2",
                "versions.yml:md5,bf4a479eb73467775a4afeebd25841aa",
                "versions.yml:md5,bf4a479eb73467775a4afeebd25841aa",
                "versions.yml:md5,bf4a479eb73467775a4afeebd25841aa",
                "versions.yml:md5,bf4a479eb73467775a4afeebd25841aa"
            ],
            [
                [
                    {
                        "id": "NA12878",
                        "panel_id": "1000GP",
                        "chr": "22",
                        "tools": "glimpse1"
                    },
                    "NA12878_22_ligate.vcf.gz",
                    "NA12878_22_ligate.vcf.gz.tbi"
                ],
                [
                    {
                        "id": "NA19401",
                        "panel_id": "1000GP",
                        "chr": "22",
                        "tools": "glimpse1"
                    },
                    "NA19401_22_ligate.vcf.gz",
                    "NA19401_22_ligate.vcf.gz.tbi"
                ]
            ],
            [
                "VcfFile [chromosomes=[chr22], sampleCount=1, variantCount=903, phased=false, phasedAutodetect=false]",
                "VcfFile [chromosomes=[chr22], sampleCount=1, variantCount=903, phased=false, phasedAutodetect=false]"
            ],
            [
                [
                    "NA12878"
                ],
                [
                    "NA19401"
                ]
            ],
            [
                {
                    "VCF_IMPUTE_GLIMPSE1:GLIMPSE_LIGATE": {
                        "glimpse": "1.1.1"
                    }
                },
                {
                    "VCF_IMPUTE_GLIMPSE1:GLIMPSE_LIGATE": {
                        "glimpse": "1.1.1"
                    }
                },
                {
                    "VCF_IMPUTE_GLIMPSE1:GLIMPSE_PHASE": {
                        "glimpse": "1.1.1"
                    }
                },
                {
                    "VCF_IMPUTE_GLIMPSE1:GLIMPSE_PHASE": {
                        "glimpse": "1.1.1"
                    }
                },
                {
                    "VCF_IMPUTE_GLIMPSE1:GLIMPSE_PHASE": {
                        "glimpse": "1.1.1"
                    }
                },
                {
                    "VCF_IMPUTE_GLIMPSE1:GLIMPSE_PHASE": {
                        "glimpse": "1.1.1"
                    }
                }
            ]
        ],
        "meta": {
            "nf-test": "0.9.3",
            "nextflow": "25.10.3"
        },
        "timestamp": "2026-01-25T18:08:19.725427041"
    }
}