{
    "Compute genotype likelihood with merging and two chromosomes": {
        "content": [
            null,
            [
                [
                    {
                        "id": "all_samples",
                        "panel_id": "1000GP",
                        "chr": "all_chr",
                        "variantcaller": "bcftools"
                    },
                    "all_samples_all_chr.annotate.vcf.gz",
                    "all_samples_all_chr.annotate.vcf.gz.tbi"
                ]
            ],
            [
                "VcfFile [chromosomes=[chr21, chr22], sampleCount=2, variantCount=1739, phased=false, phasedAutodetect=false]"
            ],
            [
                
            ]
        ],
        "meta": {
            "nf-test": "0.9.3",
            "nextflow": "25.10.4"
        },
        "timestamp": "2026-03-02T21:50:22.636521571"
    },
    "Compute genotype likelihood with only one input": {
        "content": [
            null,
            [
                [
                    {
                        "id": "all_samples",
                        "panel_id": "1000GP",
                        "chr": "all_chr",
                        "variantcaller": "bcftools"
                    },
                    "all_samples_all_chr.annotate.vcf.gz",
                    "all_samples_all_chr.annotate.vcf.gz.tbi"
                ]
            ],
            [
                "VcfFile [chromosomes=[chr22], sampleCount=1, variantCount=903, phased=false, phasedAutodetect=false]"
            ],
            [
                
            ]
        ],
        "meta": {
            "nf-test": "0.9.3",
            "nextflow": "25.10.4"
        },
        "timestamp": "2026-03-02T21:42:37.050957917"
    }
}