{
    "Split one sample vcf file": {
        "content": [
            null,
            [
                [
                    {
                        "id": "NA12878"
                    },
                    "NA12878.vcf.gz",
                    "NA12878.vcf.gz.tbi"
                ]
            ],
            [
                
            ]
        ],
        "meta": {
            "nf-test": "0.9.3",
            "nextflow": "25.10.4"
        },
        "timestamp": "2026-03-02T22:08:19.405459128"
    },
    "Split multiple vcf file - with renaming": {
        "content": [
            null,
            [
                [
                    {
                        "id": "NA12878"
                    },
                    "NA12878.myfile.vcf.gz",
                    "NA12878.myfile.vcf.gz.tbi"
                ],
                [
                    {
                        "id": "NA19401"
                    },
                    "NA19401.vcf.gz",
                    "NA19401.vcf.gz.tbi"
                ],
                [
                    {
                        "id": "NA20359_3"
                    },
                    "NA20359_3.vcf.gz",
                    "NA20359_3.vcf.gz.tbi"
                ]
            ],
            [
                "VcfFile [chromosomes=[chr21, chr22], sampleCount=1, variantCount=1739, phased=true, phasedAutodetect=true]",
                "VcfFile [chromosomes=[chr21, chr22], sampleCount=1, variantCount=1739, phased=true, phasedAutodetect=true]",
                "VcfFile [chromosomes=[chr21, chr22], sampleCount=1, variantCount=1739, phased=true, phasedAutodetect=true]"
            ],
            [
                
            ]
        ],
        "meta": {
            "nf-test": "0.9.3",
            "nextflow": "25.10.4"
        },
        "timestamp": "2026-03-02T22:08:11.437177241"
    }
}