{
    "Get subregion of bam file 10000bp": {
        "content": [
            [
                "versions.yml:md5,ab0ecdeafb26aa07f142b88a52aef4bc",
                "versions.yml:md5,eea16f726c73c83f859d8e2c3f7e6d26"
            ],
            [
                
            ],
            [
                2498,
                2510
            ],
            [
                {
                    "BAM_EXTRACT_REGION_SAMTOOLS:SAMTOOLS_VIEW": {
                        "samtools": 1.21
                    }
                },
                {
                    "BAM_EXTRACT_REGION_SAMTOOLS:SAMTOOLS_INDEX": {
                        "samtools": 1.21
                    }
                }
            ]
        ],
        "meta": {
            "nf-test": "0.9.3",
            "nextflow": "25.10.3"
        },
        "timestamp": "2026-01-25T22:32:21.066894678"
    },
    "Get subregion of bam file 1000bp": {
        "content": [
            [
                "versions.yml:md5,ab0ecdeafb26aa07f142b88a52aef4bc",
                "versions.yml:md5,eea16f726c73c83f859d8e2c3f7e6d26"
            ],
            [
                
            ],
            [
                368,
                327
            ],
            [
                {
                    "BAM_EXTRACT_REGION_SAMTOOLS:SAMTOOLS_VIEW": {
                        "samtools": 1.21
                    }
                },
                {
                    "BAM_EXTRACT_REGION_SAMTOOLS:SAMTOOLS_INDEX": {
                        "samtools": 1.21
                    }
                }
            ]
        ],
        "meta": {
            "nf-test": "0.9.3",
            "nextflow": "25.10.3"
        },
        "timestamp": "2026-01-25T22:32:40.949223043"
    }
}