{
    "Get subregion of bam file 10000bp": {
        "content": [
            [
                "versions.yml:md5,35214e2b81334b48d64a1cd23426d1d8",
                "versions.yml:md5,eea16f726c73c83f859d8e2c3f7e6d26"
            ],
            [
                
            ],
            [
                2498,
                2510
            ],
            [
                {
                    "BAM_EXTRACT_REGION_SAMTOOLS:SAMTOOLS_MERGE": {
                        "samtools": 1.21
                    }
                },
                {
                    "BAM_EXTRACT_REGION_SAMTOOLS:SAMTOOLS_INDEX": {
                        "samtools": 1.21
                    }
                }
            ]
        ],
        "meta": {
            "nf-test": "0.9.3",
            "nextflow": "25.10.3"
        },
        "timestamp": "2026-02-11T11:58:03.514212053"
    },
    "Get subregion of bam file 1000bp": {
        "content": [
            [
                "versions.yml:md5,35214e2b81334b48d64a1cd23426d1d8",
                "versions.yml:md5,eea16f726c73c83f859d8e2c3f7e6d26"
            ],
            [
                
            ],
            [
                368,
                327
            ],
            [
                {
                    "BAM_EXTRACT_REGION_SAMTOOLS:SAMTOOLS_MERGE": {
                        "samtools": 1.21
                    }
                },
                {
                    "BAM_EXTRACT_REGION_SAMTOOLS:SAMTOOLS_INDEX": {
                        "samtools": 1.21
                    }
                }
            ]
        ],
        "meta": {
            "nf-test": "0.9.3",
            "nextflow": "25.10.3"
        },
        "timestamp": "2026-02-11T11:58:19.94657758"
    }
}