{
    "Check test_stitch - with chunks": {
        "content": [
            [
                "imputation/batch/all.batch0.id.txt",
                "imputation/batch/all.batch0.idonly.txt",
                "imputation/batch/all.batch0.noid.txt",
                "imputation/csv/impute.csv",
                "imputation/stats/NA12878.stitch.bcftools_stats.txt",
                "imputation/stats/NA19401.stitch.bcftools_stats.txt",
                "imputation/stats/NA20359.stitch.bcftools_stats.txt",
                "imputation/stitch/concat/all.batch0.stitch.vcf.gz",
                "imputation/stitch/concat/all.batch0.stitch.vcf.gz.tbi",
                "imputation/stitch/samples/NA12878.stitch.vcf.gz",
                "imputation/stitch/samples/NA12878.stitch.vcf.gz.tbi",
                "imputation/stitch/samples/NA19401.stitch.vcf.gz",
                "imputation/stitch/samples/NA19401.stitch.vcf.gz.tbi",
                "imputation/stitch/samples/NA20359.stitch.vcf.gz",
                "imputation/stitch/samples/NA20359.stitch.vcf.gz.tbi"
            ],
            "VcfFile [chromosomes=[chr21, chr22], sampleCount=3, variantCount=1739, phased=false]",
            [
                "NA12878",
                "NA19401",
                "NA20359"
            ]
        ],
        "meta": {
            "nf-test": "0.9.3",
            "nextflow": "25.10.0"
        },
        "timestamp": "2025-11-13T16:30:45.683607262"
    },
    "Check test_stitch - without chunks": {
        "content": [
            [
                "imputation/batch/all.batch0.id.txt",
                "imputation/batch/all.batch0.idonly.txt",
                "imputation/batch/all.batch0.noid.txt",
                "imputation/csv/impute.csv",
                "imputation/stats/NA12878.stitch.bcftools_stats.txt",
                "imputation/stats/NA19401.stitch.bcftools_stats.txt",
                "imputation/stats/NA20359.stitch.bcftools_stats.txt",
                "imputation/stitch/concat/all.batch0.stitch.vcf.gz",
                "imputation/stitch/concat/all.batch0.stitch.vcf.gz.tbi",
                "imputation/stitch/samples/NA12878.stitch.vcf.gz",
                "imputation/stitch/samples/NA12878.stitch.vcf.gz.tbi",
                "imputation/stitch/samples/NA19401.stitch.vcf.gz",
                "imputation/stitch/samples/NA19401.stitch.vcf.gz.tbi",
                "imputation/stitch/samples/NA20359.stitch.vcf.gz",
                "imputation/stitch/samples/NA20359.stitch.vcf.gz.tbi"
            ],
            "VcfFile [chromosomes=[chr21, chr22], sampleCount=3, variantCount=1739, phased=false]",
            [
                "NA12878",
                "NA19401",
                "NA20359"
            ]
        ],
        "meta": {
            "nf-test": "0.9.3",
            "nextflow": "25.10.0"
        },
        "timestamp": "2025-11-13T16:30:45.683607262"
    }
}