{
    "Check test_sim": {
        "content": [
            [
                0,
                null,
                [
                    "pipeline_info"
                ],
                [
                    
                ],
                [
                    
                ],
                [
                    
                ],
                [
                    
                ]
            ]
        ],
        "meta": {
            "nf-test": "0.9.3",
            "nextflow": "25.10.3"
        },
        "timestamp": "2026-02-11T10:27:50.161128346"
    }
}